// Jest Snapshot v1, https://goo.gl/fbAQLP

exports[`renders the modal 1`] = `"<div>text from props:some text</div>"`;
